../Core/Src/main.c:87:5:main	8	static
../Core/Src/main.c:139:6:SystemClock_Config	128	static
../Core/Src/main.c:188:13:MX_ADC1_Init	48	static
../Core/Src/main.c:254:13:MX_ADC3_Init	48	static
../Core/Src/main.c:320:13:MX_ADC4_Init	32	static
../Core/Src/main.c:377:13:MX_CAN_Init	8	static
../Core/Src/main.c:414:13:MX_DAC_Init	24	static
../Core/Src/main.c:461:13:MX_I2C1_Init	8	static
../Core/Src/main.c:509:13:MX_SPI1_Init	8	static
../Core/Src/main.c:549:13:MX_TIM2_Init	64	static
../Core/Src/main.c:616:13:MX_TIM3_Init	64	static
../Core/Src/main.c:683:13:MX_GPIO_Init	40	static
../Core/Src/main.c:732:6:Error_Handler	4	static,ignoring_inline_asm
